[finapp.bragherstudio.com/view22/index.html]
[backblue.gif]
[fade.gif]
[index.html]
[finapp.bragherstudio.com/view22/assets/img/favicon.png]
[finapp.bragherstudio.com/view22/assets/img/icon/192x192.png]
[finapp.bragherstudio.com/view22/assets/css/style.css]
[finapp.bragherstudio.com/view22/__manifest.json]
[finapp.bragherstudio.com/view22/assets/img/loading-icon.png]
[finapp.bragherstudio.com/view22/assets/img/logo.png]
[finapp.bragherstudio.com/view22/app-notifications.html]
[finapp.bragherstudio.com/view22/app-settings.html]
[finapp.bragherstudio.com/view22/assets/img/sample/avatar/avatar1.jpg]
[finapp.bragherstudio.com/view22/app-cards.html]
[finapp.bragherstudio.com/view22/app-transactions.html]
[finapp.bragherstudio.com/view22/app-transaction-detail.html]
[finapp.bragherstudio.com/view22/assets/img/sample/brand/1.jpg]
[finapp.bragherstudio.com/view22/assets/img/sample/brand/2.jpg]
[finapp.bragherstudio.com/view22/assets/img/sample/avatar/avatar3.jpg]
[finapp.bragherstudio.com/view22/assets/img/sample/avatar/avatar4.jpg]
[finapp.bragherstudio.com/view22/assets/img/sample/avatar/avatar2.jpg]
[finapp.bragherstudio.com/view22/assets/img/sample/avatar/avatar5.jpg]
[finapp.bragherstudio.com/view22/assets/img/sample/avatar/avatar6.jpg]
[finapp.bragherstudio.com/view22/assets/img/sample/avatar/avatar7.jpg]
[finapp.bragherstudio.com/view22/assets/img/sample/avatar/avatar8.jpg]
[finapp.bragherstudio.com/view22/assets/img/sample/avatar/avatar9.jpg]
[finapp.bragherstudio.com/view22/assets/img/sample/avatar/avatar10.jpg]
[finapp.bragherstudio.com/view22/app-bills.html]
[finapp.bragherstudio.com/view22/app-savings.html]
[finapp.bragherstudio.com/view22/app-blog.html]
[finapp.bragherstudio.com/view22/app-blog-post.html]
[finapp.bragherstudio.com/view22/assets/img/sample/photo/1.jpg]
[finapp.bragherstudio.com/view22/assets/img/sample/photo/2.jpg]
[finapp.bragherstudio.com/view22/assets/img/sample/photo/3.jpg]
[finapp.bragherstudio.com/view22/assets/img/sample/photo/4.jpg]
[finapp.bragherstudio.com/view22/index-2.html]
[finapp.bragherstudio.com/view22/app-pages.html]
[finapp.bragherstudio.com/view22/app-components.html]
[finapp.bragherstudio.com/view22/component-messages.html]
[finapp.bragherstudio.com/view22/app-login.html]
[finapp.bragherstudio.com/view22/assets/js/lib/bootstrap.bundle.min.js]
[unpkg.com/ionicons@5.5.2/dist/ionicons/ionicons.js]
[finapp.bragherstudio.com/view22/assets/js/plugins/splide/splide.min.js]
[finapp.bragherstudio.com/view22/index.html]
[finapp.bragherstudio.com/view22/assets/js/base.js]
[finapp.bragherstudio.com/view22/assets/css/src/bootstrap/bootstrap.min.css]
[finapp.bragherstudio.com/view22/assets/css/src/splide/splide.min.css]
[finapp.bragherstudio.com/view22/assets/css/style.css]
[unpkg.com/ionicons@4.5.10-0/dist/css/ionicons.min.css]
[finapp.bragherstudio.com/view22/app-notification-detail.html]
[finapp.bragherstudio.com/view22/app-notifications.html]
[finapp.bragherstudio.com/view22/app-settings.html]
[finapp.bragherstudio.com/view22/app-cards.html]
[finapp.bragherstudio.com/view22/assets/img/sample/brand/3.jpg]
[finapp.bragherstudio.com/view22/app-transactions.html]
[finapp.bragherstudio.com/view22/app-transaction-detail.html]
[finapp.bragherstudio.com/view22/assets/img/sample/brand/4.jpg]
[finapp.bragherstudio.com/view22/assets/img/sample/brand/5.jpg]
[finapp.bragherstudio.com/view22/app-bills.html]
[finapp.bragherstudio.com/view22/app-savings.html]
[finapp.bragherstudio.com/view22/assets/img/sample/photo/5.jpg]
[finapp.bragherstudio.com/view22/assets/img/sample/photo/6.jpg]
[finapp.bragherstudio.com/view22/app-blog.html]
[finapp.bragherstudio.com/view22/app-blog-post.html]
[finapp.bragherstudio.com/view22/index-2.html]
[finapp.bragherstudio.com/view22/app-transaction-verification.html]
[finapp.bragherstudio.com/view22/crypto-index.html]
[finapp.bragherstudio.com/view22/crypto-coin-detail.html]
[finapp.bragherstudio.com/view22/crypto-exchange.html]
[finapp.bragherstudio.com/view22/crypto-portfolio.html]
[finapp.bragherstudio.com/view22/crypto-transactions.html]
[finapp.bragherstudio.com/view22/app-register.html]
[finapp.bragherstudio.com/view22/app-forgot-password.html]
[finapp.bragherstudio.com/view22/app-sms-verification.html]
[finapp.bragherstudio.com/view22/app-qr-code.html]
[finapp.bragherstudio.com/view22/app-about.html]
[finapp.bragherstudio.com/view22/app-contact.html]
[finapp.bragherstudio.com/view22/app-faq.html]
[finapp.bragherstudio.com/view22/app-404.html]
[finapp.bragherstudio.com/view22/app-splash.html]
[finapp.bragherstudio.com/view22/app-splash-image.html]
[finapp.bragherstudio.com/view22/app-pages.html]
[finapp.bragherstudio.com/view22/component-accordion.html]
[finapp.bragherstudio.com/view22/component-action-sheet.html]
[finapp.bragherstudio.com/view22/component-add-to-home.html]
[finapp.bragherstudio.com/view22/component-alert.html]
[finapp.bragherstudio.com/view22/component-appbottommenu.html]
[finapp.bragherstudio.com/view22/component-appheader.html]
[finapp.bragherstudio.com/view22/component-badge.html]
[finapp.bragherstudio.com/view22/component-button.html]
[finapp.bragherstudio.com/view22/component-card.html]
[finapp.bragherstudio.com/view22/component-carousel.html]
[finapp.bragherstudio.com/view22/component-charts.html]
[finapp.bragherstudio.com/view22/component-checkbox.html]
[finapp.bragherstudio.com/view22/component-chips.html]
[finapp.bragherstudio.com/view22/component-contentbox.html]
[finapp.bragherstudio.com/view22/component-cookies-box.html]
[finapp.bragherstudio.com/view22/component-dialog.html]
[finapp.bragherstudio.com/view22/component-dropdown.html]
[finapp.bragherstudio.com/view22/component-fullpage-slider.html]
[finapp.bragherstudio.com/view22/component-grid.html]
[finapp.bragherstudio.com/view22/component-icons.html]
[finapp.bragherstudio.com/view22/component-images.html]
[finapp.bragherstudio.com/view22/component-inputs.html]
[finapp.bragherstudio.com/view22/component-listview.html]
[finapp.bragherstudio.com/view22/component-modal-and-panels.html]
[finapp.bragherstudio.com/view22/component-notification.html]
[finapp.bragherstudio.com/view22/component-preloader.html]
[finapp.bragherstudio.com/view22/component-progressbar.html]
[finapp.bragherstudio.com/view22/component-radio.html]
[finapp.bragherstudio.com/view22/component-search.html]
[finapp.bragherstudio.com/view22/component-table.html]
[finapp.bragherstudio.com/view22/component-tabs.html]
[finapp.bragherstudio.com/view22/component-timeline.html]
[finapp.bragherstudio.com/view22/component-toast.html]
[finapp.bragherstudio.com/view22/component-toggle.html]
[finapp.bragherstudio.com/view22/component-tooltips.html]
[finapp.bragherstudio.com/view22/component-typography.html]
[finapp.bragherstudio.com/view22/app-components.html]
[finapp.bragherstudio.com/view22/component-messages.html]
[finapp.bragherstudio.com/view22/app-login.html]
[finapp.bragherstudio.com/view22/assets/css/src/bootstrap/bootstrap.min.css]
[finapp.bragherstudio.com/view22/assets/css/src/splide/splide.min.css]
[unpkg.com/ionicons@4.5.10-0/dist/css/ionicons.min.css]
[finapp.bragherstudio.com/view22/app-notification-detail.html]
[finapp.bragherstudio.com/view22/app-transaction-verification.html]
[finapp.bragherstudio.com/view22/crypto-index.html]
[finapp.bragherstudio.com/view22/crypto-coin-detail.html]
[finapp.bragherstudio.com/view22/crypto-exchange.html]
[finapp.bragherstudio.com/view22/crypto-portfolio.html]
[finapp.bragherstudio.com/view22/crypto-transactions.html]
[finapp.bragherstudio.com/view22/app-register.html]
[finapp.bragherstudio.com/view22/app-forgot-password.html]
[finapp.bragherstudio.com/view22/app-sms-verification.html]
[finapp.bragherstudio.com/view22/assets/js/plugins/apexcharts/apexcharts.min.js]
[finapp.bragherstudio.com/view22/assets/img/sample/qr.png]
[finapp.bragherstudio.com/view22/app-qr-code.html]
[finapp.bragherstudio.com/view22/assets/img/sample/photo/wide3.jpg]
[finapp.bragherstudio.com/view22/assets/img/sample/photo/wide1.jpg]
[finapp.bragherstudio.com/view22/assets/img/sample/photo/wide2.jpg]
[finapp.bragherstudio.com/view22/app-about.html]
[finapp.bragherstudio.com/view22/app-contact.html]
[finapp.bragherstudio.com/view22/assets/img/sample/photo/vector1.png]
[finapp.bragherstudio.com/view22/app-faq.html]
[finapp.bragherstudio.com/view22/app-404.html]
[finapp.bragherstudio.com/view22/app-splash.html]
[finapp.bragherstudio.com/view22/app-splash-image.html]
[finapp.bragherstudio.com/view22/component-accordion.html]
[finapp.bragherstudio.com/view22/component-action-sheet.html]
[finapp.bragherstudio.com/view22/component-add-to-home.html]
[finapp.bragherstudio.com/view22/component-alert.html]
[finapp.bragherstudio.com/view22/component-appbottommenu.html]
[finapp.bragherstudio.com/view22/component-appheader.html]
[finapp.bragherstudio.com/view22/component-badge.html]
[finapp.bragherstudio.com/view22/component-button.html]
[finapp.bragherstudio.com/view22/component-card.html]
[finapp.bragherstudio.com/view22/assets/img/sample/photo/wide4.jpg]
[finapp.bragherstudio.com/view22/component-carousel.html]
[finapp.bragherstudio.com/view22/component-charts.html]
[finapp.bragherstudio.com/view22/component-checkbox.html]
[finapp.bragherstudio.com/view22/component-chips.html]
[finapp.bragherstudio.com/view22/component-contentbox.html]
[finapp.bragherstudio.com/view22/component-cookies-box.html]
[finapp.bragherstudio.com/view22/component-dialog.html]
[finapp.bragherstudio.com/view22/component-dropdown.html]
[finapp.bragherstudio.com/view22/assets/img/sample/photo/vector2.png]
[finapp.bragherstudio.com/view22/assets/img/sample/photo/vector3.png]
[finapp.bragherstudio.com/view22/component-fullpage-slider.html]
[finapp.bragherstudio.com/view22/component-grid.html]
[finapp.bragherstudio.com/view22/component-icons.html]
[finapp.bragherstudio.com/view22/component-images.html]
[finapp.bragherstudio.com/view22/component-inputs.html]
[finapp.bragherstudio.com/view22/component-listview.html]
[finapp.bragherstudio.com/view22/component-modal-and-panels.html]
[finapp.bragherstudio.com/view22/component-notification.html]
[finapp.bragherstudio.com/view22/component-preloader.html]
[finapp.bragherstudio.com/view22/component-progressbar.html]
[finapp.bragherstudio.com/view22/component-radio.html]
[finapp.bragherstudio.com/view22/component-search.html]
[finapp.bragherstudio.com/view22/component-table.html]
[finapp.bragherstudio.com/view22/component-tabs.html]
[finapp.bragherstudio.com/view22/component-timeline.html]
[finapp.bragherstudio.com/view22/component-toast.html]
[finapp.bragherstudio.com/view22/component-toggle.html]
[finapp.bragherstudio.com/view22/component-tooltips.html]
[finapp.bragherstudio.com/view22/component-typography.html]
